// Jest Snapshot v1, https://goo.gl/fbAQLP

exports[`index.tsx save should match snapshot 1`] = `<save />`;
